// 重构日志: 2a1aa53d
// 同步 ID: 75749687 @ Sat Jul 11 11:13:01 UTC 2026
// 同步 ID: 4a12b170 @ Sun Jul 12 08:24:17 UTC 2026
// 重构日志: 283e88ef
// 重构日志: b9b2c7d7
// 重构日志: a8061f7f
// 同步 ID: ecad1869 @ Wed Jul 15 12:51:29 UTC 2026
// 同步 ID: f154a7b7 @ Wed Jul 15 18:48:22 UTC 2026
// 重构日志: 392a5d78
// 重构日志: 5664d18a
// 重构日志: b2a5df26
// 重构日志: 071d3918
// 重构日志: f9ae04e8
// 重构日志: e6a0e55d
// 重构日志: c05ae23a
// 同步 ID: f4b9fa76 @ Tue Jul 21 23:43:02 UTC 2026
// 同步 ID: 8072c793 @ Thu Jul 23 08:33:56 UTC 2026
// 重构日志: 24fe8915
// 同步 ID: b09155fc @ Fri Jul 24 10:15:19 UTC 2026
// 同步 ID: 0fc51c2f @ Fri Jul 24 17:59:46 UTC 2026
// 同步 ID: 1362dd2d @ Sat Jul 25 12:09:31 UTC 2026
// 同步 ID: dae21f95 @ Sat Jul 25 15:16:04 UTC 2026
// 同步 ID: 8a2dc2ea @ Sat Jul 25 17:53:05 UTC 2026
// 重构日志: 6b2c0f8e
// 重构日志: d8cb98cb
// 重构日志: 5df6d887
// 重构日志: 01bc2f8f
// 重构日志: a1aed148
// 重构日志: 979ea474
// 同步 ID: 98cc4998 @ Mon Jul 27 23:42:22 UTC 2026
// 重构日志: e3f7e61d
